🚀 Iniciando Frontend...
✅ Frontend rodando em http://localhost:3000

> frontend@0.1.0 start
> react-scripts start

(node:5312) [DEP_WEBPACK_DEV_SERVER_ON_AFTER_SETUP_MIDDLEWARE] DeprecationWarning: 'onAfterSetupMiddleware' option is deprecated. Please use the 'setupMiddlewares' option.
(Use `node --trace-deprecation ...` to show where the warning was created)
(node:5312) [DEP_WEBPACK_DEV_SERVER_ON_BEFORE_SETUP_MIDDLEWARE] DeprecationWarning: 'onBeforeSetupMiddleware' option is deprecated. Please use the 'setupMiddlewares' option.
Starting the development server...

Compiled with warnings.

[eslint] 
src\components\dashboard\dashboardFuncionario.jsx
  Line 2:78:   'MessageSquare' is defined but never used                                                                     no-unused-vars
  Line 120:6:  React Hook useEffect has a missing dependency: 'loadDados'. Either include it or remove the dependency array  react-hooks/exhaustive-deps
  Line 347:9:  'getStatusLabel' is assigned a value but never used                                                           no-unused-vars

src\components\dashboard\dashboardSocio.jsx
  Line 250:10:  'showMenu' is assigned a value but never used     no-unused-vars
  Line 250:20:  'setShowMenu' is assigned a value but never used  no-unused-vars

Search for the keywords to learn more about each warning.
To ignore, add // eslint-disable-next-line to the line before.

[1m[33mWARNING[39m[22m in [1m[eslint] 
src\components\dashboard\dashboardFuncionario.jsx
  Line 2:78:   'MessageSquare' is defined but never used                                                                     no-unused-vars
  Line 120:6:  React Hook useEffect has a missing dependency: 'loadDados'. Either include it or remove the dependency array  react-hooks/exhaustive-deps
  Line 347:9:  'getStatusLabel' is assigned a value but never used                                                           no-unused-vars

src\components\dashboard\dashboardSocio.jsx
  Line 250:10:  'showMenu' is assigned a value but never used     no-unused-vars
  Line 250:20:  'setShowMenu' is assigned a value but never used  no-unused-vars

[39m[22m

webpack compiled with [1m[33m1 warning[39m[22m
